  Geri y├╝klenecek projeler belirleniyor...
C:\Users\lenovo\source\repos\ECommerce\Basket.API\Basket.API.csproj : error NU1605: Hata Olarak Uyar─▒: Swashbuckle.AspNetCore paketi i├ğin 10.1.5 s├╝r├╝m├╝nden 10.0.0 s├╝r├╝m├╝ne d├╝┼ş├╝rme alg─▒land─▒. Farkl─▒ bir s├╝r├╝m se├ğmek i├ğin do─şrudan projeden pakete ba┼şvurun.  [C:\Users\lenovo\source\repos\ECommerce\ECommerce.slnx]
C:\Users\lenovo\source\repos\ECommerce\Basket.API\Basket.API.csproj : error NU1605:  Basket.API -> Common -> Swashbuckle.AspNetCore (>= 10.1.5)  [C:\Users\lenovo\source\repos\ECommerce\ECommerce.slnx]
C:\Users\lenovo\source\repos\ECommerce\Basket.API\Basket.API.csproj : error NU1605:  Basket.API -> Swashbuckle.AspNetCore (>= 10.0.0) [C:\Users\lenovo\source\repos\ECommerce\ECommerce.slnx]
C:\Users\lenovo\source\repos\ECommerce\Discount.API\Discount.API.csproj : error NU1605: Hata Olarak Uyar─▒: Swashbuckle.AspNetCore paketi i├ğin 10.1.5 s├╝r├╝m├╝nden 10.0.0 s├╝r├╝m├╝ne d├╝┼ş├╝rme alg─▒land─▒. Farkl─▒ bir s├╝r├╝m se├ğmek i├ğin do─şrudan projeden pakete ba┼şvurun.  [C:\Users\lenovo\source\repos\ECommerce\ECommerce.slnx]
C:\Users\lenovo\source\repos\ECommerce\Discount.API\Discount.API.csproj : error NU1605:  Discount.API -> Common -> Swashbuckle.AspNetCore (>= 10.1.5)  [C:\Users\lenovo\source\repos\ECommerce\ECommerce.slnx]
C:\Users\lenovo\source\repos\ECommerce\Discount.API\Discount.API.csproj : error NU1605:  Discount.API -> Swashbuckle.AspNetCore (>= 10.0.0) [C:\Users\lenovo\source\repos\ECommerce\ECommerce.slnx]
C:\Users\lenovo\source\repos\ECommerce\Identity.API\Identity.API.csproj : error NU1605: Hata Olarak Uyar─▒: Swashbuckle.AspNetCore paketi i├ğin 10.1.5 s├╝r├╝m├╝nden 10.0.0 s├╝r├╝m├╝ne d├╝┼ş├╝rme alg─▒land─▒. Farkl─▒ bir s├╝r├╝m se├ğmek i├ğin do─şrudan projeden pakete ba┼şvurun.  [C:\Users\lenovo\source\repos\ECommerce\ECommerce.slnx]
C:\Users\lenovo\source\repos\ECommerce\Identity.API\Identity.API.csproj : error NU1605:  Identity.API -> Common -> Swashbuckle.AspNetCore (>= 10.1.5)  [C:\Users\lenovo\source\repos\ECommerce\ECommerce.slnx]
C:\Users\lenovo\source\repos\ECommerce\Identity.API\Identity.API.csproj : error NU1605:  Identity.API -> Swashbuckle.AspNetCore (>= 10.0.0) [C:\Users\lenovo\source\repos\ECommerce\ECommerce.slnx]
C:\Users\lenovo\source\repos\ECommerce\Services.Catalog\Catalog.API.csproj : error NU1605: Hata Olarak Uyar─▒: Swashbuckle.AspNetCore paketi i├ğin 10.1.5 s├╝r├╝m├╝nden 10.0.0 s├╝r├╝m├╝ne d├╝┼ş├╝rme alg─▒land─▒. Farkl─▒ bir s├╝r├╝m se├ğmek i├ğin do─şrudan projeden pakete ba┼şvurun.  [C:\Users\lenovo\source\repos\ECommerce\ECommerce.slnx]
C:\Users\lenovo\source\repos\ECommerce\Services.Catalog\Catalog.API.csproj : error NU1605:  Catalog.API -> Common -> Swashbuckle.AspNetCore (>= 10.1.5)  [C:\Users\lenovo\source\repos\ECommerce\ECommerce.slnx]
C:\Users\lenovo\source\repos\ECommerce\Services.Catalog\Catalog.API.csproj : error NU1605:  Catalog.API -> Swashbuckle.AspNetCore (>= 10.0.0) [C:\Users\lenovo\source\repos\ECommerce\ECommerce.slnx]
  C:\Users\lenovo\source\repos\ECommerce\Identity.API\Identity.API.csproj geri y├╝klenemedi (731 ms i├ğinde).
  C:\Users\lenovo\source\repos\ECommerce\Basket.API\Basket.API.csproj geri y├╝klenemedi (731 ms i├ğinde).
  C:\Users\lenovo\source\repos\ECommerce\Discount.API\Discount.API.csproj geri y├╝klenemedi (731 ms i├ğinde).
  C:\Users\lenovo\source\repos\ECommerce\Services.Catalog\Catalog.API.csproj geri y├╝klenemedi (731 ms i├ğinde).
  Geri y├╝kleme i├ğin 7 proje i├ğinden 3 tanesi g├╝ncel.

Olu┼şturma BA┼ŞARISIZ OLDU.

C:\Users\lenovo\source\repos\ECommerce\Basket.API\Basket.API.csproj : error NU1605: Hata Olarak Uyar─▒: Swashbuckle.AspNetCore paketi i├ğin 10.1.5 s├╝r├╝m├╝nden 10.0.0 s├╝r├╝m├╝ne d├╝┼ş├╝rme alg─▒land─▒. Farkl─▒ bir s├╝r├╝m se├ğmek i├ğin do─şrudan projeden pakete ba┼şvurun.  [C:\Users\lenovo\source\repos\ECommerce\ECommerce.slnx]
C:\Users\lenovo\source\repos\ECommerce\Basket.API\Basket.API.csproj : error NU1605:  Basket.API -> Common -> Swashbuckle.AspNetCore (>= 10.1.5)  [C:\Users\lenovo\source\repos\ECommerce\ECommerce.slnx]
C:\Users\lenovo\source\repos\ECommerce\Basket.API\Basket.API.csproj : error NU1605:  Basket.API -> Swashbuckle.AspNetCore (>= 10.0.0) [C:\Users\lenovo\source\repos\ECommerce\ECommerce.slnx]
C:\Users\lenovo\source\repos\ECommerce\Discount.API\Discount.API.csproj : error NU1605: Hata Olarak Uyar─▒: Swashbuckle.AspNetCore paketi i├ğin 10.1.5 s├╝r├╝m├╝nden 10.0.0 s├╝r├╝m├╝ne d├╝┼ş├╝rme alg─▒land─▒. Farkl─▒ bir s├╝r├╝m se├ğmek i├ğin do─şrudan projeden pakete ba┼şvurun.  [C:\Users\lenovo\source\repos\ECommerce\ECommerce.slnx]
C:\Users\lenovo\source\repos\ECommerce\Discount.API\Discount.API.csproj : error NU1605:  Discount.API -> Common -> Swashbuckle.AspNetCore (>= 10.1.5)  [C:\Users\lenovo\source\repos\ECommerce\ECommerce.slnx]
C:\Users\lenovo\source\repos\ECommerce\Discount.API\Discount.API.csproj : error NU1605:  Discount.API -> Swashbuckle.AspNetCore (>= 10.0.0) [C:\Users\lenovo\source\repos\ECommerce\ECommerce.slnx]
C:\Users\lenovo\source\repos\ECommerce\Identity.API\Identity.API.csproj : error NU1605: Hata Olarak Uyar─▒: Swashbuckle.AspNetCore paketi i├ğin 10.1.5 s├╝r├╝m├╝nden 10.0.0 s├╝r├╝m├╝ne d├╝┼ş├╝rme alg─▒land─▒. Farkl─▒ bir s├╝r├╝m se├ğmek i├ğin do─şrudan projeden pakete ba┼şvurun.  [C:\Users\lenovo\source\repos\ECommerce\ECommerce.slnx]
C:\Users\lenovo\source\repos\ECommerce\Identity.API\Identity.API.csproj : error NU1605:  Identity.API -> Common -> Swashbuckle.AspNetCore (>= 10.1.5)  [C:\Users\lenovo\source\repos\ECommerce\ECommerce.slnx]
C:\Users\lenovo\source\repos\ECommerce\Identity.API\Identity.API.csproj : error NU1605:  Identity.API -> Swashbuckle.AspNetCore (>= 10.0.0) [C:\Users\lenovo\source\repos\ECommerce\ECommerce.slnx]
C:\Users\lenovo\source\repos\ECommerce\Services.Catalog\Catalog.API.csproj : error NU1605: Hata Olarak Uyar─▒: Swashbuckle.AspNetCore paketi i├ğin 10.1.5 s├╝r├╝m├╝nden 10.0.0 s├╝r├╝m├╝ne d├╝┼ş├╝rme alg─▒land─▒. Farkl─▒ bir s├╝r├╝m se├ğmek i├ğin do─şrudan projeden pakete ba┼şvurun.  [C:\Users\lenovo\source\repos\ECommerce\ECommerce.slnx]
C:\Users\lenovo\source\repos\ECommerce\Services.Catalog\Catalog.API.csproj : error NU1605:  Catalog.API -> Common -> Swashbuckle.AspNetCore (>= 10.1.5)  [C:\Users\lenovo\source\repos\ECommerce\ECommerce.slnx]
C:\Users\lenovo\source\repos\ECommerce\Services.Catalog\Catalog.API.csproj : error NU1605:  Catalog.API -> Swashbuckle.AspNetCore (>= 10.0.0) [C:\Users\lenovo\source\repos\ECommerce\ECommerce.slnx]
    0 Uyar─▒
    4 Hata

Ge├ğen S├╝re 00:00:01.72
